// Jest Snapshot v1, https://goo.gl/fbAQLP

exports[`components/Course should render 1`] = `
<div>
  <div
    class="sc-bdnxRM bOAqhc"
  >
    <div
      class="MuiBox-root MuiBox-root-1"
    >
      <div
        class="MuiBox-root MuiBox-root-2"
      >
        <form
          id="courseForm"
        >
          <div
            class="MuiBox-root MuiBox-root-3"
          >
            <h2
              class="MuiTypography-root MuiTypography-h4 MuiTypography-alignLeft"
            >
              Create Course
            </h2>
            <div
              class="MuiFormControl-root MuiTextField-root sc-dlnjwi fLuRwn MuiFormControl-fullWidth"
            >
              <label
                class="MuiFormLabel-root MuiInputLabel-root MuiInputLabel-formControl MuiInputLabel-shrink"
                data-shrink="true"
              >
                Title
              </label>
              <div
                class="MuiInputBase-root MuiInput-root MuiInputBase-fullWidth MuiInput-fullWidth MuiInputBase-formControl MuiInput-formControl"
              >
                <input
                  aria-invalid="false"
                  class="MuiInputBase-input MuiInput-input"
                  name="title"
                  placeholder="Title"
                  type="text"
                  value=""
                />
              </div>
            </div>
            <h2
              class="MuiTypography-root MuiTypography-body1 MuiTypography-alignLeft"
            >
              Description
            </h2>
            <textarea
              class="sc-hKFxyN fuKNYs"
              name="description"
              placeholder="Description"
              rows="4"
              style="height: -4px; overflow: hidden;"
            />
            <textarea
              aria-hidden="true"
              class="sc-hKFxyN fuKNYs"
              readonly=""
              style="visibility: hidden; position: absolute; overflow: hidden; height: 0px; top: 0px; left: 0px; transform: translateZ(0);"
              tabindex="-1"
            />
            <div
              class="MuiFormControl-root MuiTextField-root sc-dlnjwi fLuRwn MuiFormControl-fullWidth"
            >
              <label
                class="MuiFormLabel-root MuiInputLabel-root MuiInputLabel-formControl MuiInputLabel-shrink MuiFormLabel-filled"
                data-shrink="true"
              >
                Price
              </label>
              <div
                class="MuiInputBase-root MuiInput-root MuiInputBase-fullWidth MuiInput-fullWidth MuiInputBase-formControl MuiInput-formControl"
                inputmode="numeric"
              >
                <input
                  aria-invalid="false"
                  class="MuiInputBase-input MuiInput-input"
                  name="price"
                  placeholder="Price"
                  type="number"
                  value="0"
                />
              </div>
            </div>
            <div
              class="MuiFormControl-root MuiTextField-root sc-dlnjwi fLuRwn MuiFormControl-fullWidth"
            >
              <label
                class="MuiFormLabel-root MuiInputLabel-root MuiInputLabel-formControl MuiInputLabel-shrink MuiFormLabel-filled"
                data-shrink="true"
              >
                Duration
              </label>
              <div
                class="MuiInputBase-root MuiInput-root MuiInputBase-fullWidth MuiInput-fullWidth MuiInputBase-formControl MuiInput-formControl"
                inputmode="numeric"
              >
                <input
                  aria-invalid="false"
                  class="MuiInputBase-input MuiInput-input"
                  name="duration"
                  placeholder="duration"
                  type="number"
                  value="0"
                />
              </div>
            </div>
            <label
              aria-disabled="false"
              class="MuiButtonBase-root MuiButton-root MuiButton-contained MuiButton-containedPrimary"
              role="button"
              style="background-color: white; color: black; margin: 16px 0px;"
              tabindex="0"
            >
              <span
                class="MuiButton-label"
              >
                <svg
                  aria-hidden="true"
                  class="MuiSvgIcon-root"
                  focusable="false"
                  viewBox="0 0 24 24"
                >
                  <path
                    d="M12 2C6.48 2 2 6.48 2 12s4.48 10 10 10 10-4.48 10-10S17.52 2 12 2zm4.5 14H8c-1.66 0-3-1.34-3-3s1.34-3 3-3l.14.01C8.58 8.28 10.13 7 12 7c2.21 0 4 1.79 4 4h.5c1.38 0 2.5 1.12 2.5 2.5S17.88 16 16.5 16z"
                  />
                </svg>
                Attach File
                <input
                  hidden=""
                  id="img"
                  name="img"
                  type="file"
                />
              </span>
              <span
                class="MuiTouchRipple-root"
              />
            </label>
            <button
              class="MuiButtonBase-root MuiButton-root MuiButton-contained MuiButton-containedPrimary MuiButton-fullWidth"
              tabindex="0"
              type="submit"
            >
              <span
                class="MuiButton-label"
              >
                Save
              </span>
              <span
                class="MuiTouchRipple-root"
              />
            </button>
          </div>
        </form>
      </div>
      <div
        class="MuiBox-root MuiBox-root-4"
      >
        <div />
      </div>
    </div>
  </div>
</div>
`;
