// Jest Snapshot v1, https://goo.gl/fbAQLP

exports[`components/Profile should render 1`] = `
<div>
  <div
    class="sc-bdnxRM bOAqhc"
  >
    <div
      class="MuiBox-root MuiBox-root-1"
    >
      <div
        class="MuiBox-root MuiBox-root-2 sc-gtsrHT itGaod"
      >
        <svg
          aria-hidden="true"
          class="MuiSvgIcon-root"
          focusable="false"
          style="color: black; font-size: 200px;"
          viewBox="0 0 24 24"
        >
          <path
            d="M12 5.9c1.16 0 2.1.94 2.1 2.1s-.94 2.1-2.1 2.1S9.9 9.16 9.9 8s.94-2.1 2.1-2.1m0 9c2.97 0 6.1 1.46 6.1 2.1v1.1H5.9V17c0-.64 3.13-2.1 6.1-2.1M12 4C9.79 4 8 5.79 8 8s1.79 4 4 4 4-1.79 4-4-1.79-4-4-4zm0 9c-2.67 0-8 1.34-8 4v3h16v-3c0-2.66-5.33-4-8-4z"
          />
        </svg>
      </div>
      <div
        class="MuiBox-root MuiBox-root-3"
      >
        <form>
          <div
            class="MuiBox-root MuiBox-root-4"
          >
            <div
              class="MuiFormControl-root MuiTextField-root sc-eCApnc cyyBMT MuiFormControl-fullWidth"
            >
              <div
                class="MuiInputBase-root MuiInput-root Mui-disabled Mui-disabled MuiInputBase-fullWidth MuiInput-fullWidth MuiInputBase-formControl MuiInput-formControl"
              >
                <input
                  aria-invalid="false"
                  class="MuiInputBase-input MuiInput-input Mui-disabled Mui-disabled"
                  disabled=""
                  name="username"
                  placeholder="Username"
                  type="text"
                  value=""
                />
              </div>
            </div>
            <div
              class="MuiFormControl-root MuiTextField-root sc-hKFxyN GcSgM MuiFormControl-fullWidth"
            >
              <div
                class="MuiInputBase-root MuiInput-root MuiInputBase-fullWidth MuiInput-fullWidth MuiInputBase-formControl MuiInput-formControl"
              >
                <input
                  aria-invalid="false"
                  class="MuiInputBase-input MuiInput-input"
                  name="name"
                  placeholder="Name"
                  type="text"
                  value=""
                />
              </div>
            </div>
            <div
              class="MuiFormControl-root MuiTextField-root sc-jSFjdj kssSvR MuiFormControl-fullWidth"
            >
              <div
                class="MuiInputBase-root MuiInput-root MuiInputBase-fullWidth MuiInput-fullWidth MuiInputBase-formControl MuiInput-formControl"
              >
                <input
                  aria-invalid="false"
                  class="MuiInputBase-input MuiInput-input"
                  name="email"
                  placeholder="Email"
                  type="text"
                  value=""
                />
              </div>
            </div>
            <button
              class="MuiButtonBase-root MuiButton-root MuiButton-contained MuiButton-containedPrimary MuiButton-fullWidth"
              tabindex="0"
              type="submit"
            >
              <span
                class="MuiButton-label"
              >
                Save
              </span>
              <span
                class="MuiTouchRipple-root"
              />
            </button>
          </div>
        </form>
      </div>
    </div>
  </div>
</div>
`;
